2026-03-20 17:45:12.299 | INFO     | app.ai_services.rag_service:__init__:18 - Initializing RAG Service
2026-03-20 17:45:53.688 | INFO     | app.ai_services.rag_service:__init__:45 - Created new vector DB
2026-03-20 17:45:53.690 | INFO     | app.utils.logger:log_success:33 - SUCCESS: RAG Service initialized
2026-03-20 17:45:57.034 | INFO     | app.utils.logger:log_success:33 - SUCCESS: MismatchStore initialized
2026-03-20 17:45:57.035 | INFO     | app.utils.logger:log_success:33 - SUCCESS: AI Match Suggester initialized
2026-03-20 17:46:00.247 | INFO     | app.utils.logger:log_success:33 - SUCCESS: MismatchStore initialized
2026-03-20 17:46:00.251 | INFO     | app.ai_services.rag_service:__init__:18 - Initializing RAG Service
2026-03-20 17:46:03.574 | INFO     | app.ai_services.rag_service:__init__:45 - Created new vector DB
2026-03-20 17:46:03.575 | INFO     | app.utils.logger:log_success:33 - SUCCESS: RAG Service initialized
2026-03-20 17:46:03.576 | INFO     | app.utils.logger:log_success:33 - SUCCESS: AI Learning Loop initialized
2026-03-20 17:46:03.577 | INFO     | app.utils.logger:log_success:33 - SUCCESS: ReconciliationOrchestrator initialized
2026-03-20 17:46:03.577 | INFO     | app.pipeline.reconciliation_orchestrator:run:39 - Starting FULL reconciliation workflow
2026-03-20 17:46:03.578 | INFO     | app.ingestion.loader:load_file:242 - Loading file: data/bank_statement.csv
2026-03-20 17:46:03.608 | INFO     | app.utils.logger:log_success:33 - SUCCESS: File loaded + normalized: data/bank_statement.csv
2026-03-20 17:46:03.609 | INFO     | app.ingestion.loader:load_file:242 - Loading file: data/uploads/yardi_transactions.csv
2026-03-20 17:46:03.630 | INFO     | app.utils.logger:log_success:33 - SUCCESS: File loaded + normalized: data/uploads/yardi_transactions.csv
2026-03-20 17:46:03.641 | INFO     | app.matching.hash_match:hash_match:23 - Starting HASH reconciliation engine
2026-03-20 17:46:03.649 | INFO     | app.utils.logger:log_success:33 - SUCCESS: HASH ENGINE COMPLETED | Matches=0 | UnmatchedBank=13 | UnmatchedYardi=28
2026-03-20 17:46:03.654 | INFO     | app.matching.heuristic_hash_match:heuristic_hash_match:64 - Starting HEURISTIC HASH reconciliation engine
2026-03-20 17:46:03.663 | INFO     | app.utils.logger:log_success:33 - SUCCESS: HEURISTIC ENGINE COMPLETED | Matches=1
2026-03-20 17:46:03.675 | INFO     | app.utils.logger:log_success:33 - SUCCESS: AI suggestions generated: 1
2026-03-20 17:46:03.677 | INFO     | app.utils.logger:log_success:33 - SUCCESS: AI suggestions generated: 1
2026-03-20 17:46:03.679 | INFO     | app.utils.logger:log_success:33 - SUCCESS: AI suggestions generated: 1
2026-03-20 17:46:03.680 | INFO     | app.utils.logger:log_success:33 - SUCCESS: AI suggestions generated: 1
2026-03-20 17:46:03.682 | INFO     | app.utils.logger:log_success:33 - SUCCESS: AI suggestions generated: 1
2026-03-20 17:46:03.684 | INFO     | app.utils.logger:log_success:33 - SUCCESS: AI suggestions generated: 1
2026-03-20 17:46:03.686 | INFO     | app.utils.logger:log_success:33 - SUCCESS: AI suggestions generated: 1
2026-03-20 17:46:03.794 | INFO     | app.utils.logger:log_success:33 - SUCCESS: Mismatch stored in vector memory
2026-03-20 17:46:03.838 | INFO     | app.utils.logger:log_success:33 - SUCCESS: Mismatch stored in vector memory
2026-03-20 17:46:03.880 | INFO     | app.utils.logger:log_success:33 - SUCCESS: Mismatch stored in vector memory
2026-03-20 17:46:03.921 | INFO     | app.utils.logger:log_success:33 - SUCCESS: Mismatch stored in vector memory
2026-03-20 17:46:03.963 | INFO     | app.utils.logger:log_success:33 - SUCCESS: Mismatch stored in vector memory
2026-03-20 17:46:04.005 | INFO     | app.utils.logger:log_success:33 - SUCCESS: Mismatch stored in vector memory
2026-03-20 17:46:04.046 | INFO     | app.utils.logger:log_success:33 - SUCCESS: Mismatch stored in vector memory
2026-03-20 17:46:04.089 | INFO     | app.utils.logger:log_success:33 - SUCCESS: Mismatch stored in vector memory
2026-03-20 17:46:04.132 | INFO     | app.utils.logger:log_success:33 - SUCCESS: Mismatch stored in vector memory
2026-03-20 17:46:04.229 | INFO     | app.utils.logger:log_success:33 - SUCCESS: Mismatch stored in vector memory
2026-03-20 17:46:04.279 | INFO     | app.utils.logger:log_success:33 - SUCCESS: Mismatch stored in vector memory
2026-03-20 17:46:04.317 | INFO     | app.utils.logger:log_success:33 - SUCCESS: Mismatch stored in vector memory
2026-03-20 17:46:04.323 | INFO     | app.utils.logger:log_success:33 - SUCCESS: Vector memory saved
2026-03-20 17:46:04.324 | INFO     | app.utils.logger:log_success:33 - SUCCESS: AI learning processed 12 cases
2026-03-20 17:46:04.325 | INFO     | app.utils.logger:log_success:33 - SUCCESS: Full reconciliation workflow completed
2026-03-20 17:47:11.063 | INFO     | app.ai_services.rag_service:__init__:18 - Initializing RAG Service
2026-03-20 17:47:20.518 | INFO     | app.ai_services.rag_service:__init__:36 - Loaded existing vector DB
2026-03-20 17:47:20.519 | INFO     | app.utils.logger:log_success:33 - SUCCESS: RAG Service initialized
2026-03-20 17:47:23.826 | INFO     | app.utils.logger:log_success:33 - SUCCESS: MismatchStore initialized
2026-03-20 17:47:23.827 | INFO     | app.utils.logger:log_success:33 - SUCCESS: AI Match Suggester initialized
2026-03-20 17:47:27.488 | INFO     | app.utils.logger:log_success:33 - SUCCESS: MismatchStore initialized
2026-03-20 17:47:27.491 | INFO     | app.ai_services.rag_service:__init__:18 - Initializing RAG Service
2026-03-20 17:47:30.891 | INFO     | app.ai_services.rag_service:__init__:36 - Loaded existing vector DB
2026-03-20 17:47:30.892 | INFO     | app.utils.logger:log_success:33 - SUCCESS: RAG Service initialized
2026-03-20 17:47:30.893 | INFO     | app.utils.logger:log_success:33 - SUCCESS: AI Learning Loop initialized
2026-03-20 17:47:30.893 | INFO     | app.utils.logger:log_success:33 - SUCCESS: ReconciliationOrchestrator initialized
2026-03-20 17:47:30.894 | INFO     | app.pipeline.reconciliation_orchestrator:run:39 - Starting FULL reconciliation workflow
2026-03-20 17:47:30.895 | INFO     | app.ingestion.loader:load_file:242 - Loading file: data/bank_statement.csv
2026-03-20 17:47:30.954 | INFO     | app.utils.logger:log_success:33 - SUCCESS: File loaded + normalized: data/bank_statement.csv
2026-03-20 17:47:30.956 | INFO     | app.ingestion.loader:load_file:242 - Loading file: data/uploads/yardi_transactions.csv
2026-03-20 17:47:31.010 | INFO     | app.utils.logger:log_success:33 - SUCCESS: File loaded + normalized: data/uploads/yardi_transactions.csv
2026-03-20 17:47:31.018 | INFO     | app.matching.hash_match:hash_match:23 - Starting HASH reconciliation engine
2026-03-20 17:47:31.020 | INFO     | app.utils.logger:log_success:33 - SUCCESS: HASH ENGINE COMPLETED | Matches=0 | UnmatchedBank=0 | UnmatchedYardi=0
2026-03-20 17:47:31.026 | INFO     | app.matching.heuristic_hash_match:heuristic_hash_match:64 - Starting HEURISTIC HASH reconciliation engine
2026-03-20 17:47:31.042 | INFO     | app.utils.logger:log_success:33 - SUCCESS: Vector memory saved
2026-03-20 17:47:31.045 | INFO     | app.utils.logger:log_success:33 - SUCCESS: AI learning processed 0 cases
2026-03-20 17:47:31.049 | INFO     | app.utils.logger:log_success:33 - SUCCESS: Full reconciliation workflow completed
2026-03-20 17:49:06.141 | INFO     | app.ingestion.loader:load_file:242 - Loading file: data/bank_statement.csv
2026-03-20 17:49:06.181 | INFO     | app.utils.logger:log_success:33 - SUCCESS: File loaded + normalized: data/bank_statement.csv
2026-03-20 17:49:06.245 | INFO     | app.ingestion.loader:load_file:242 - Loading file: data/uploads/yardi_transactions.bai
2026-03-20 17:49:06.248 | ERROR    | app.utils.logger:log_failure:37 - FAILURE: File loading failed: data/uploads/yardi_transactions.bai | Error: [Errno 2] No such file or directory: 'data/uploads/yardi_transactions.bai'
2026-03-20 17:56:36.289 | INFO     | app.ai_services.rag_service:__init__:18 - Initializing RAG Service
2026-03-20 17:56:44.551 | INFO     | app.ai_services.rag_service:__init__:36 - Loaded existing vector DB
2026-03-20 17:56:44.554 | INFO     | app.utils.logger:log_success:33 - SUCCESS: RAG Service initialized
2026-03-20 17:56:47.760 | INFO     | app.utils.logger:log_success:33 - SUCCESS: MismatchStore initialized
2026-03-20 17:56:47.761 | INFO     | app.utils.logger:log_success:33 - SUCCESS: AI Match Suggester initialized
2026-03-20 17:56:51.028 | INFO     | app.utils.logger:log_success:33 - SUCCESS: MismatchStore initialized
2026-03-20 17:56:51.030 | INFO     | app.ai_services.rag_service:__init__:18 - Initializing RAG Service
2026-03-20 17:56:54.226 | INFO     | app.ai_services.rag_service:__init__:36 - Loaded existing vector DB
2026-03-20 17:56:54.232 | INFO     | app.utils.logger:log_success:33 - SUCCESS: RAG Service initialized
2026-03-20 17:56:54.234 | INFO     | app.utils.logger:log_success:33 - SUCCESS: AI Learning Loop initialized
2026-03-20 17:56:54.236 | INFO     | app.utils.logger:log_success:33 - SUCCESS: ReconciliationOrchestrator initialized
2026-03-20 17:56:54.237 | INFO     | app.pipeline.reconciliation_orchestrator:run:39 - Starting FULL reconciliation workflow
2026-03-20 17:56:54.269 | INFO     | app.ingestion.loader:load_file:375 - Loading file: data/bank_statement.csv
2026-03-20 17:56:54.377 | INFO     | app.utils.logger:log_success:33 - SUCCESS: File loaded: data/bank_statement.csv → 77 transactions
2026-03-20 17:56:54.379 | INFO     | app.ingestion.loader:load_file:407 - Loaded 77 normalized transactions
2026-03-20 17:56:54.380 | INFO     | app.ingestion.loader:load_file:375 - Loading file: data/uploads/yardi_transactions.csv
2026-03-20 17:56:54.388 | ERROR    | app.utils.logger:log_failure:37 - FAILURE: File loading failed: data/uploads/yardi_transactions.csv | Could not parse CSV file: data/uploads/yardi_transactions.csv
2026-03-20 17:56:54.391 | ERROR    | app.utils.logger:log_failure:37 - FAILURE: Orchestrator failed: Could not parse CSV file: data/uploads/yardi_transactions.csv
